I'm sorry, but errors were detected in your script. Please correct the
errors listed below, and try again.


File "game/script.rpy", line 66: if statement expects a non-empty block.
    if not operacion:
                     ^

Ren'Py Version: Ren'Py 8.2.1.24030407
Tue Jun  4 21:18:49 2024
